2025-04-04 06:36:57.557970 - Received CBT.V508.FILE244.PDS from FILE244.XMI 
2025-04-04 06:36:57.562377 - Found $$$#DATE.txt (text/plain) in CBT.V508.FILE244.PDS, moved to PDS/$$$#DATE
2025-04-04 06:36:57.562527 - Found $$$NOTE1.eml (message/rfc822) in CBT.V508.FILE244.PDS, moved to PDS/$$$NOTE1
2025-04-04 06:36:57.562673 - Found ###INDEX.txt (text/plain) in CBT.V508.FILE244.PDS, moved to PDS/###INDEX
2025-04-04 06:36:57.562810 - Found @FILE244.txt (text/plain) in CBT.V508.FILE244.PDS, moved to PDS/@FILE244
2025-04-04 06:36:57.562936 - Found A01#INDX.txt (text/plain) in CBT.V508.FILE244.PDS, moved to PDS/A01#INDX
2025-04-04 06:36:57.563097 - Found A01CALL.txt (text/plain) in CBT.V508.FILE244.PDS, moved to PDS/A01CALL
2025-04-04 06:36:57.563249 - Found A01CHECK.txt (text/plain) in CBT.V508.FILE244.PDS, moved to PDS/A01CHECK
2025-04-04 06:36:57.563386 - Found A01DELNV.txt (text/plain) in CBT.V508.FILE244.PDS, moved to PDS/A01DELNV
2025-04-04 06:36:57.563500 - Found A01DSNWT.txt (text/plain) in CBT.V508.FILE244.PDS, moved to PDS/A01DSNWT
2025-04-04 06:36:57.563634 - Found A01ENQ.txt (text/plain) in CBT.V508.FILE244.PDS, moved to PDS/A01ENQ
2025-04-04 06:36:57.563751 - Found A01EXTNT.txt (text/plain) in CBT.V508.FILE244.PDS, moved to PDS/A01EXTNT
2025-04-04 06:36:57.563867 - Found A01FREE.txt (text/plain) in CBT.V508.FILE244.PDS, moved to PDS/A01FREE
2025-04-04 06:36:57.564000 - Found A01GETAC.txt (text/plain) in CBT.V508.FILE244.PDS, moved to PDS/A01GETAC
2025-04-04 06:36:57.564129 - Found A01HSMNC.txt (text/plain) in CBT.V508.FILE244.PDS, moved to PDS/A01HSMNC
2025-04-04 06:36:57.564258 - Found A01INMRZ.txt (text/plain) in CBT.V508.FILE244.PDS, moved to PDS/A01INMRZ
2025-04-04 06:36:57.564399 - Found A01IPLVO.txt (text/plain) in CBT.V508.FILE244.PDS, moved to PDS/A01IPLVO
2025-04-04 06:36:57.564526 - Found A01LIST.txt (text/plain) in CBT.V508.FILE244.PDS, moved to PDS/A01LIST
2025-04-04 06:36:57.564647 - Found A01LOGOF.txt (text/plain) in CBT.V508.FILE244.PDS, moved to PDS/A01LOGOF
2025-04-04 06:36:57.564777 - Found A01MOVIE.txt (text/plain) in CBT.V508.FILE244.PDS, moved to PDS/A01MOVIE
2025-04-04 06:36:57.564902 - Found A01PAGEL.txt (text/plain) in CBT.V508.FILE244.PDS, moved to PDS/A01PAGEL
2025-04-04 06:36:57.565024 - Found A01PC100.txt (text/plain) in CBT.V508.FILE244.PDS, moved to PDS/A01PC100
2025-04-04 06:36:57.565141 - Found A01PH010.txt (text/plain) in CBT.V508.FILE244.PDS, moved to PDS/A01PH010
2025-04-04 06:36:57.565303 - Found A01PH020.txt (text/plain) in CBT.V508.FILE244.PDS, moved to PDS/A01PH020
2025-04-04 06:36:57.565477 - Found A01PH030.txt (text/plain) in CBT.V508.FILE244.PDS, moved to PDS/A01PH030
2025-04-04 06:36:57.565608 - Found A01PH040.txt (text/plain) in CBT.V508.FILE244.PDS, moved to PDS/A01PH040
2025-04-04 06:36:57.565729 - Found A01PH050.txt (text/plain) in CBT.V508.FILE244.PDS, moved to PDS/A01PH050
2025-04-04 06:36:57.565864 - Found A01PH060.txt (text/plain) in CBT.V508.FILE244.PDS, moved to PDS/A01PH060
2025-04-04 06:36:57.565985 - Found A01PH070.txt (text/plain) in CBT.V508.FILE244.PDS, moved to PDS/A01PH070
2025-04-04 06:36:57.566102 - Found A01PH080.txt (text/plain) in CBT.V508.FILE244.PDS, moved to PDS/A01PH080
2025-04-04 06:36:57.566224 - Found A01PH090.txt (text/plain) in CBT.V508.FILE244.PDS, moved to PDS/A01PH090
2025-04-04 06:36:57.566345 - Found A01PH100.txt (text/plain) in CBT.V508.FILE244.PDS, moved to PDS/A01PH100
2025-04-04 06:36:57.566473 - Found A01PH101.txt (text/plain) in CBT.V508.FILE244.PDS, moved to PDS/A01PH101
2025-04-04 06:36:57.566586 - Found A01PH110.txt (text/plain) in CBT.V508.FILE244.PDS, moved to PDS/A01PH110
2025-04-04 06:36:57.566700 - Found A01PH120.txt (text/plain) in CBT.V508.FILE244.PDS, moved to PDS/A01PH120
2025-04-04 06:36:57.566813 - Found A01PH130.txt (text/plain) in CBT.V508.FILE244.PDS, moved to PDS/A01PH130
2025-04-04 06:36:57.566926 - Found A01PM00.txt (text/plain) in CBT.V508.FILE244.PDS, moved to PDS/A01PM00
2025-04-04 06:36:57.567038 - Found A01PM01.txt (text/plain) in CBT.V508.FILE244.PDS, moved to PDS/A01PM01
2025-04-04 06:36:57.567144 - Found A01PM02.txt (text/plain) in CBT.V508.FILE244.PDS, moved to PDS/A01PM02
2025-04-04 06:36:57.567252 - Found A01PM03.txt (text/plain) in CBT.V508.FILE244.PDS, moved to PDS/A01PM03
2025-04-04 06:36:57.567362 - Found A01PM04.txt (text/plain) in CBT.V508.FILE244.PDS, moved to PDS/A01PM04
2025-04-04 06:36:57.567469 - Found A01PM09.txt (text/plain) in CBT.V508.FILE244.PDS, moved to PDS/A01PM09
2025-04-04 06:36:57.567585 - Found A01PP010.txt (text/plain) in CBT.V508.FILE244.PDS, moved to PDS/A01PP010
2025-04-04 06:36:57.567710 - Found A01PP020.txt (text/plain) in CBT.V508.FILE244.PDS, moved to PDS/A01PP020
2025-04-04 06:36:57.567819 - Found A01PP030.txt (text/plain) in CBT.V508.FILE244.PDS, moved to PDS/A01PP030
2025-04-04 06:36:57.567947 - Found A01PP040.txt (text/plain) in CBT.V508.FILE244.PDS, moved to PDS/A01PP040
2025-04-04 06:36:57.568059 - Found A01PP050.txt (text/plain) in CBT.V508.FILE244.PDS, moved to PDS/A01PP050
2025-04-04 06:36:57.568166 - Found A01PP060.txt (text/plain) in CBT.V508.FILE244.PDS, moved to PDS/A01PP060
2025-04-04 06:36:57.568274 - Found A01PP070.txt (text/plain) in CBT.V508.FILE244.PDS, moved to PDS/A01PP070
2025-04-04 06:36:57.568397 - Found A01PP080.txt (text/plain) in CBT.V508.FILE244.PDS, moved to PDS/A01PP080
2025-04-04 06:36:57.568506 - Found A01PP090.txt (text/plain) in CBT.V508.FILE244.PDS, moved to PDS/A01PP090
2025-04-04 06:36:57.568617 - Found A01PP100.txt (text/plain) in CBT.V508.FILE244.PDS, moved to PDS/A01PP100
2025-04-04 06:36:57.568741 - Found A01PP110.txt (text/plain) in CBT.V508.FILE244.PDS, moved to PDS/A01PP110
2025-04-04 06:36:57.568847 - Found A01PP120.txt (text/plain) in CBT.V508.FILE244.PDS, moved to PDS/A01PP120
2025-04-04 06:36:57.568953 - Found A01PP130.txt (text/plain) in CBT.V508.FILE244.PDS, moved to PDS/A01PP130
2025-04-04 06:36:57.569062 - Found A01PP140.txt (text/plain) in CBT.V508.FILE244.PDS, moved to PDS/A01PP140
2025-04-04 06:36:57.569195 - Found A01P0100.txt (text/plain) in CBT.V508.FILE244.PDS, moved to PDS/A01P0100
2025-04-04 06:36:57.569313 - Found A01P0200.txt (text/plain) in CBT.V508.FILE244.PDS, moved to PDS/A01P0200
2025-04-04 06:36:57.569418 - Found A01RACXT.txt (text/plain) in CBT.V508.FILE244.PDS, moved to PDS/A01RACXT
2025-04-04 06:36:57.569530 - Found A01RCORE.txt (text/plain) in CBT.V508.FILE244.PDS, moved to PDS/A01RCORE
2025-04-04 06:36:57.569640 - Found A01SCAN.txt (text/plain) in CBT.V508.FILE244.PDS, moved to PDS/A01SCAN
2025-04-04 06:36:57.569769 - Found A01SETV.txt (text/plain) in CBT.V508.FILE244.PDS, moved to PDS/A01SETV
2025-04-04 06:36:57.569902 - Found A01SKEOF.txt (text/plain) in CBT.V508.FILE244.PDS, moved to PDS/A01SKEOF
2025-04-04 06:36:57.570016 - Found A01SMF.txt (text/plain) in CBT.V508.FILE244.PDS, moved to PDS/A01SMF
2025-04-04 06:36:57.570129 - Found A01TAPE.txt (text/plain) in CBT.V508.FILE244.PDS, moved to PDS/A01TAPE
2025-04-04 06:36:57.570240 - Found A01UT01.txt (text/plain) in CBT.V508.FILE244.PDS, moved to PDS/A01UT01
2025-04-04 06:36:57.570376 - Found A01VERFY.txt (text/plain) in CBT.V508.FILE244.PDS, moved to PDS/A01VERFY
2025-04-04 06:36:57.570500 - Found A01WAIT.txt (text/plain) in CBT.V508.FILE244.PDS, moved to PDS/A01WAIT
2025-04-04 06:36:57.570613 - Found A01Z.txt (text/plain) in CBT.V508.FILE244.PDS, moved to PDS/A01Z
2025-04-04 06:36:57.570717 - Found A01ZDOW.txt (text/plain) in CBT.V508.FILE244.PDS, moved to PDS/A01ZDOW
2025-04-04 06:36:57.570834 - Found A02#INDX.txt (text/plain) in CBT.V508.FILE244.PDS, moved to PDS/A02#INDX
2025-04-04 06:36:57.570956 - Found A02CLEAR.txt (text/plain) in CBT.V508.FILE244.PDS, moved to PDS/A02CLEAR
2025-04-04 06:36:57.571069 - Found A02HN021.txt (text/plain) in CBT.V508.FILE244.PDS, moved to PDS/A02HN021
2025-04-04 06:36:57.571175 - Found A02HN211.txt (text/plain) in CBT.V508.FILE244.PDS, moved to PDS/A02HN211
2025-04-04 06:36:57.571294 - Found A02JOBC.txt (text/plain) in CBT.V508.FILE244.PDS, moved to PDS/A02JOBC
2025-04-04 06:36:57.571401 - Found A02MGN02.txt (text/plain) in CBT.V508.FILE244.PDS, moved to PDS/A02MGN02
2025-04-04 06:36:57.571523 - Found A02N021.txt (text/plain) in CBT.V508.FILE244.PDS, moved to PDS/A02N021
2025-04-04 06:36:57.571630 - Found A02N021A.txt (text/plain) in CBT.V508.FILE244.PDS, moved to PDS/A02N021A
2025-04-04 06:36:57.571737 - Found A02N021B.txt (text/plain) in CBT.V508.FILE244.PDS, moved to PDS/A02N021B
2025-04-04 06:36:57.571845 - Found A02N021C.txt (text/plain) in CBT.V508.FILE244.PDS, moved to PDS/A02N021C
2025-04-04 06:36:57.571951 - Found A02N021D.txt (text/plain) in CBT.V508.FILE244.PDS, moved to PDS/A02N021D
2025-04-04 06:36:57.572058 - Found A02N021E.txt (text/plain) in CBT.V508.FILE244.PDS, moved to PDS/A02N021E
2025-04-04 06:36:57.572183 - Found A02N021F.txt (text/plain) in CBT.V508.FILE244.PDS, moved to PDS/A02N021F
2025-04-04 06:36:57.572300 - Found A02N021G.txt (text/plain) in CBT.V508.FILE244.PDS, moved to PDS/A02N021G
2025-04-04 06:36:57.572420 - Found A02N021H.txt (text/plain) in CBT.V508.FILE244.PDS, moved to PDS/A02N021H
2025-04-04 06:36:57.572528 - Found A02N021W.txt (text/plain) in CBT.V508.FILE244.PDS, moved to PDS/A02N021W
2025-04-04 06:36:57.572633 - Found A02N021X.txt (text/plain) in CBT.V508.FILE244.PDS, moved to PDS/A02N021X
2025-04-04 06:36:57.572742 - Found A02N021Y.txt (text/plain) in CBT.V508.FILE244.PDS, moved to PDS/A02N021Y
2025-04-04 06:36:57.572863 - Found A02N021Z.txt (text/plain) in CBT.V508.FILE244.PDS, moved to PDS/A02N021Z
2025-04-04 06:36:57.572968 - Found A02N0210.txt (text/plain) in CBT.V508.FILE244.PDS, moved to PDS/A02N0210
2025-04-04 06:36:57.573076 - Found A02N0211.txt (text/plain) in CBT.V508.FILE244.PDS, moved to PDS/A02N0211
2025-04-04 06:36:57.573204 - Found A02N0213.txt (text/plain) in CBT.V508.FILE244.PDS, moved to PDS/A02N0213
2025-04-04 06:36:57.573313 - Found A02N0214.txt (text/plain) in CBT.V508.FILE244.PDS, moved to PDS/A02N0214
2025-04-04 06:36:57.573424 - Found A02PN021.txt (text/plain) in CBT.V508.FILE244.PDS, moved to PDS/A02PN021
2025-04-04 06:36:57.573538 - Found A02SETUP.txt (text/plain) in CBT.V508.FILE244.PDS, moved to PDS/A02SETUP
2025-04-04 06:36:57.573661 - Found A02SOAK.jcl (text/plain) in CBT.V508.FILE244.PDS, moved to PDS/A02SOAK
2025-04-04 06:36:57.573767 - Found A02VARS.jcl (text/plain) in CBT.V508.FILE244.PDS, moved to PDS/A02VARS
2025-04-04 06:36:57.573875 - Found A02ZOOM.txt (text/plain) in CBT.V508.FILE244.PDS, moved to PDS/A02ZOOM
2025-04-04 06:36:57.573991 - Found A02Z3426.x-dosexec (application/x-dosexec) in CBT.V508.FILE244.PDS, moved to PDS/A02Z3426
2025-04-04 06:36:57.574107 - Found A02Z7504.txt (text/plain) in CBT.V508.FILE244.PDS, moved to PDS/A02Z7504
2025-04-04 06:36:57.574217 - Found A03#INDX.txt (text/plain) in CBT.V508.FILE244.PDS, moved to PDS/A03#INDX
2025-04-04 06:36:57.574343 - Found A03ITERM.jcl (text/plain) in CBT.V508.FILE244.PDS, moved to PDS/A03ITERM
2025-04-04 06:36:57.574454 - Found A03JEFLD.jcl (text/plain) in CBT.V508.FILE244.PDS, moved to PDS/A03JEFLD
2025-04-04 06:36:57.574568 - Found A03LLOW.jcl (text/plain) in CBT.V508.FILE244.PDS, moved to PDS/A03LLOW
2025-04-04 06:36:57.574680 - Found A03LLOWP.jcl (text/plain) in CBT.V508.FILE244.PDS, moved to PDS/A03LLOWP
2025-04-04 06:36:57.574800 - Found A03LLOWR.jcl (text/plain) in CBT.V508.FILE244.PDS, moved to PDS/A03LLOWR
2025-04-04 06:36:57.574916 - Found A03LPA01.txt (text/plain) in CBT.V508.FILE244.PDS, moved to PDS/A03LPA01
2025-04-04 06:36:57.575029 - Found A03UJV.jcl (text/plain) in CBT.V508.FILE244.PDS, moved to PDS/A03UJV
2025-04-04 06:36:57.575137 - Found A03UJVRR.jcl (text/plain) in CBT.V508.FILE244.PDS, moved to PDS/A03UJVRR
2025-04-04 06:36:57.575254 - Found A03UX01.jcl (text/plain) in CBT.V508.FILE244.PDS, moved to PDS/A03UX01
2025-04-04 06:36:57.575380 - Found A03X023.jcl (text/plain) in CBT.V508.FILE244.PDS, moved to PDS/A03X023
2025-04-04 06:36:57.575489 - Found A04#INDX.txt (text/plain) in CBT.V508.FILE244.PDS, moved to PDS/A04#INDX
2025-04-04 06:36:57.575603 - Found A04VTOC.txt (text/plain) in CBT.V508.FILE244.PDS, moved to PDS/A04VTOC
2025-04-04 06:36:57.575727 - Found A05#INDX.txt (text/plain) in CBT.V508.FILE244.PDS, moved to PDS/A05#INDX
2025-04-04 06:36:57.575839 - Found A05DATEC.rexx (text/plain) in CBT.V508.FILE244.PDS, moved to PDS/A05DATEC
2025-04-04 06:36:57.575951 - Found A05IPL.txt (text/plain) in CBT.V508.FILE244.PDS, moved to PDS/A05IPL
2025-04-04 06:36:57.576062 - Found A0505SYS.rexx (text/plain) in CBT.V508.FILE244.PDS, moved to PDS/A0505SYS
2025-04-04 06:36:57.576171 - Found A0550PP1.txt (text/plain) in CBT.V508.FILE244.PDS, moved to PDS/A0550PP1
2025-04-04 06:36:57.576276 - Found A06#INDX.txt (text/plain) in CBT.V508.FILE244.PDS, moved to PDS/A06#INDX
2025-04-04 06:36:57.576398 - Found A06CLOCK.txt (text/plain) in CBT.V508.FILE244.PDS, moved to PDS/A06CLOCK
2025-04-04 06:36:57.576530 - Found A06DELRP.txt (text/plain) in CBT.V508.FILE244.PDS, moved to PDS/A06DELRP
2025-04-04 06:36:57.576645 - Found A06DOCMS.txt (text/plain) in CBT.V508.FILE244.PDS, moved to PDS/A06DOCMS
2025-04-04 06:36:57.576760 - Found A07#INDX.txt (text/plain) in CBT.V508.FILE244.PDS, moved to PDS/A07#INDX
2025-04-04 06:36:57.576890 - Found A07BROWS.txt (text/plain) in CBT.V508.FILE244.PDS, moved to PDS/A07BROWS
2025-04-04 06:36:57.577001 - Found A07CLSCR.txt (text/plain) in CBT.V508.FILE244.PDS, moved to PDS/A07CLSCR
2025-04-04 06:36:57.577128 - Found A07DATE.txt (text/plain) in CBT.V508.FILE244.PDS, moved to PDS/A07DATE
2025-04-04 06:36:57.577238 - Found A07DAY.txt (text/plain) in CBT.V508.FILE244.PDS, moved to PDS/A07DAY
2025-04-04 06:36:57.577344 - Found A07EOJ.txt (text/plain) in CBT.V508.FILE244.PDS, moved to PDS/A07EOJ
2025-04-04 06:36:57.577459 - Found A07PARSE.txt (text/plain) in CBT.V508.FILE244.PDS, moved to PDS/A07PARSE
2025-04-04 06:36:57.577579 - Found A07REGEQ.txt (text/plain) in CBT.V508.FILE244.PDS, moved to PDS/A07REGEQ
2025-04-04 06:36:57.577693 - Found A07SCAN.txt (text/plain) in CBT.V508.FILE244.PDS, moved to PDS/A07SCAN
2025-04-04 06:36:57.577826 - Found A07SCANR.txt (text/plain) in CBT.V508.FILE244.PDS, moved to PDS/A07SCANR
2025-04-04 06:36:57.577939 - Found A07SCANT.txt (text/plain) in CBT.V508.FILE244.PDS, moved to PDS/A07SCANT
2025-04-04 06:36:57.578055 - Found A07SMDOC.txt (text/plain) in CBT.V508.FILE244.PDS, moved to PDS/A07SMDOC
2025-04-04 06:36:57.578167 - Found A07SV255.txt (text/plain) in CBT.V508.FILE244.PDS, moved to PDS/A07SV255
2025-04-04 06:36:57.578275 - Found A07UTCPY.txt (text/plain) in CBT.V508.FILE244.PDS, moved to PDS/A07UTCPY
2025-04-04 06:36:57.578381 - Found A07ZAP1.txt (text/plain) in CBT.V508.FILE244.PDS, moved to PDS/A07ZAP1
2025-04-04 06:36:57.578487 - Found A07ZAP1A.txt (text/plain) in CBT.V508.FILE244.PDS, moved to PDS/A07ZAP1A
2025-04-04 06:36:57.578593 - Found A07ZAP2.txt (text/plain) in CBT.V508.FILE244.PDS, moved to PDS/A07ZAP2
2025-04-04 06:36:57.578715 - Found A07ZAP3.txt (text/plain) in CBT.V508.FILE244.PDS, moved to PDS/A07ZAP3
2025-04-04 06:36:57.578823 - Found A07ZAP3A.txt (text/plain) in CBT.V508.FILE244.PDS, moved to PDS/A07ZAP3A
2025-04-04 06:36:57.578933 - Found A07ZAP3B.txt (text/plain) in CBT.V508.FILE244.PDS, moved to PDS/A07ZAP3B
2025-04-04 06:36:57.579043 - Found A07ZAP4.txt (text/plain) in CBT.V508.FILE244.PDS, moved to PDS/A07ZAP4
2025-04-04 06:36:57.579165 - Found A07ZAP5.txt (text/plain) in CBT.V508.FILE244.PDS, moved to PDS/A07ZAP5
2025-04-04 06:36:57.579284 - Found A07000IX.txt (text/plain) in CBT.V508.FILE244.PDS, moved to PDS/A07000IX
2025-04-04 06:36:57.579397 - Found A07176IX.txt (text/plain) in CBT.V508.FILE244.PDS, moved to PDS/A07176IX
2025-04-04 06:36:57.579509 - Found A07701DX.txt (text/plain) in CBT.V508.FILE244.PDS, moved to PDS/A07701DX
